best unofficial: 47277 chars 444 lines
official markdown: 23315 chars 112 lines

--- unofficial headings and links ---
1: # DONE FULL FINAL WITH EVIDENCE TESTIMONY: THE STORY OF MASTER KANOR CASE PRESENTATION 2025
9: [SOCIAL MEDIA CHANNELS](DONE%20FULL%20FINAL%20WITH%20EVIDENCE%20TESTIMONY%20THE%20STORY%20/SOCIAL%20MEDIA%20CHANNELS%2023f1958629d6802f83d7ed2a1cdd96dd.md)
11: pero dahil di pa ako marunong kung paano ito kumikita ay pumasok lang muna ako sa pag buy and sell. Kung saan bumibili ako ng mga produkto sa Shopee at ibinbenta ko sa Facebook at Shopee. Nakapag-invest ako ng isang laptop at nagkaroon kami ng pwesto sa night market dito sa Tacloban.
13: [ONLINE STORES](DONE%20FULL%20FINAL%20WITH%20EVIDENCE%20TESTIMONY%20THE%20STORY%20/ONLINE%20STORES%2023f1958629d68056aa96d29718c2acef.md)
17: Kaya naisipan kong bumalik sa pagiging content creator sa Facebook at YouTube. Dahil cellphone lang at low specs na laptop ang gamit ko, nag-isip ako ng paraan kung paano ko maia-upgrade ang mga gamit ko sa paggawa ng content. Sakto naman at umuso sa panahong iyon ang barter, kaya na-trade ko ang aking lumang cellphone para sa isang computer at pina-setup ko ito sa pamangkin ni Cris na si Carl Justin Pagaspas.
19: [FIRST COMPUTER](DONE%20FULL%20FINAL%20WITH%20EVIDENCE%20TESTIMONY%20THE%20STORY%20/FIRST%20COMPUTER%2023f1958629d68074a002f72a9e9318c8.md)
21: At doon na ako nag-focus bilang isang Gaming Content Creator. Dahil nakaabot sa milyon ang views ng aking mga videos sa YouTube, nagsimula na rin akong kumita. Ginamit ko ang aking revenue mula sa YouTube para makapag-invest sa mas magandang computer na nagkakahalaga ng isang daang libong piso (₱100,000) — mga gaming computers na gagamitin ko sa trabaho.
23: [CHANNELS  REVENUE](DONE%20FULL%20FINAL%20WITH%20EVIDENCE%20TESTIMONY%20THE%20STORY%20/CHANNELS%20REVENUE%2023f1958629d680099653fc59aac41470.md)
27: [COMPUTER BUILDING](DONE%20FULL%20FINAL%20WITH%20EVIDENCE%20TESTIMONY%20THE%20STORY%20/COMPUTER%20BUILDING%202401958629d680bb899cc3f3d4adeaae.md)
31: [CASINO PROMOTION](DONE%20FULL%20FINAL%20WITH%20EVIDENCE%20TESTIMONY%20THE%20STORY%20/CASINO%20PROMOTION%202401958629d68018af5fca6205d92c0b.md)
37: [CASINO SPONSORED](DONE%20FULL%20FINAL%20WITH%20EVIDENCE%20TESTIMONY%20THE%20STORY%20/CASINO%20SPONSORED%202401958629d680e3a7bac93db0550355.md)
39: Taong 2021, noong pumanaw ang aking Tito sa Maynila, napagpasyahan kong pumunta roon. Doon ko muling nakita si Mario Nalda Cadisal na nakilala ko pa noong kabataan ko. Nagtanong ako sa kanya kung meron ba siyang trabaho at kung marunong siyang gumamit ng computer. Ayon sa kanya, wala siyang alam sa paggamit nito, kahit sa simpleng pag-Facebook gamit ang computer.
41: [PAG PUNTA SA MANILA](DONE%20FULL%20FINAL%20WITH%20EVIDENCE%20TESTIMONY%20THE%20STORY%20/PAG%20PUNTA%20SA%20MANILA%202401958629d6805985e7f9b6daa4dafc.md)
45: [MARIO TUTORIAL](DONE%20FULL%20FINAL%20WITH%20EVIDENCE%20TESTIMONY%20THE%20STORY%20/MARIO%20TUTORIAL%202401958629d6802a83bccaafdcc55e98.md)
49: [PREVIOUS CASINO](DONE%20FULL%20FINAL%20WITH%20EVIDENCE%20TESTIMONY%20THE%20STORY%20/PREVIOUS%20CASINO%202401958629d68048aaa0f24861d5ecf3.md)
53: [RESEARCH & DEVELOPMENT](DONE%20FULL%20FINAL%20WITH%20EVIDENCE%20TESTIMONY%20THE%20STORY%20/RESEARCH%20&%20DEVELOPMENT%202401958629d680b8b055eeba19065560.md)
57: [LAWRENCE TUTORIAL](DONE%20FULL%20FINAL%20WITH%20EVIDENCE%20TESTIMONY%20THE%20STORY%20/LAWRENCE%20TUTORIAL%202401958629d68053bee9e3577809f71e.md)
59: Sa kagustuhan kong makatulong sa iba, nakita ko sa Facebook ang mga local vloggers sa Tacloban na sina Simoy at Sadam, kilala bilang “Mga Kawawang Nilalang.” Ini-invite ko sila upang matulungan na ma-improve ang kanilang content at mabigyan ng promotion, lalo na’t si Simoy ay aking kababata.
65: [MGA KAWAWANG NILALANG](DONE%20FULL%20FINAL%20WITH%20EVIDENCE%20TESTIMONY%20THE%20STORY%20/MGA%20KAWAWANG%20NILALANG%202401958629d6801bb343e46c1eb67b18.md)
67: Napagplanuhan namin na gumawa ng iisang page at YouTube channel. Naisipan namin ito dahil tuwing lumalabas kami o may outing, makakagawa kami ng content at hindi masasayang ang mga labas naming magkakaibigan.
71: [TACLOBAN VINES](DONE%20FULL%20FINAL%20WITH%20EVIDENCE%20TESTIMONY%20THE%20STORY%20/TACLOBAN%20VINES%202401958629d6804fb6bad250f00220dc.md)
77: [TRANSACTION  & HISTORY](DONE%20FULL%20FINAL%20WITH%20EVIDENCE%20TESTIMONY%20THE%20STORY%20/TRANSACTION%20&%20HISTORY%202401958629d68051976ffb5813dc67df.md)
85: [PROOF NG PAG AMIN](DONE%20FULL%20FINAL%20WITH%20EVIDENCE%20TESTIMONY%20THE%20STORY%20/PROOF%20NG%20PAG%20AMIN%202401958629d6800f8e7bf14a98061b49.md)
89: # BUSINESS INCOME CONCEPT
91: [MKASINO MARKETING AGENCY SERVICES](DONE%20FULL%20FINAL%20WITH%20EVIDENCE%20TESTIMONY%20THE%20STORY%20/MKASINO%20MARKETING%20AGENCY%20SERVICES%2023f1958629d6804b882bfafee70408ee.md)
93: ## INFLUENCER MARKETING
97: ## EXAMPLE:
105: [PROOF OF TRANSACTION](DONE%20FULL%20FINAL%20WITH%20EVIDENCE%20TESTIMONY%20THE%20STORY%20/PROOF%20OF%20TRANSACTION%202401958629d680b49194edd7def74804.md)
107: ## **PAGPASOK NI ARIEL LACAMBRA**
111: [BUSINESS MEETING](DONE%20FULL%20FINAL%20WITH%20EVIDENCE%20TESTIMONY%20THE%20STORY%20/BUSINESS%20MEETING%202401958629d680c5ab55cada3a752897.md)
125: [DEVICE LINKED](DONE%20FULL%20FINAL%20WITH%20EVIDENCE%20TESTIMONY%20THE%20STORY%20/DEVICE%20LINKED%202401958629d680a78601ef90034b17b6.md)
183: [DELETED FILES](DONE%20FULL%20FINAL%20WITH%20EVIDENCE%20TESTIMONY%20THE%20STORY%20/DELETED%20FILES%202401958629d6800380aeda18e96fe01f.md)
185: ## PORMAL NA REKLAMO / PAHAYAG NG BIKTIMA NG CYBERCRIME
197: [MGA HAKBANG](DONE%20FULL%20FINAL%20WITH%20EVIDENCE%20TESTIMONY%20THE%20STORY%20/MGA%20HAKBANG%202401958629d680159b8ddcccc2dae533.md)
209: [RESEARCH DEVELOPMENT](DONE%20FULL%20FINAL%20WITH%20EVIDENCE%20TESTIMONY%20THE%20STORY%20/RESEARCH%20DEVELOPMENT%202401958629d6801281f4d59e58350453.md)
229: ## OBSERBASYON: PAGMAMANIPULA NG KATAWAN AT KAISIPAN (UNDER INVESTIGATION MANIPULATION)
243: [Surveillance Brain reader chips ](DONE%20FULL%20FINAL%20WITH%20EVIDENCE%20TESTIMONY%20THE%20STORY%20/Surveillance%20Brain%20reader%20chips%202511958629d68031b97efd66c229207a.md)
255: ## PLAN A PRESENTATION:
259: ## THE ORIGINAL HIDDEN PLAN B:
325: ## **PSYCHOLOGICAL TORTURE & ILLEGAL MIND CONTROL**
340: [Health Damage](DONE%20FULL%20FINAL%20WITH%20EVIDENCE%20TESTIMONY%20THE%20STORY%20/Health%20Damage%202551958629d6803898a3e2b200fbc843.md)
346: [Mga Na Benta](DONE%20FULL%20FINAL%20WITH%20EVIDENCE%20TESTIMONY%20THE%20STORY%20/Mga%20Na%20Benta%202551958629d680fda780dc844d537018.md)
348: ### CASE CONTINUE – HULYO 28, 2025
352: # **CASE STORAGE**
354: [https://drive.google.com/drive/folders/1Fi5y-6nKKhnwGDVbtQ0aKbM3F4QzNCoJ](https://drive.google.com/drive/folders/1Fi5y-6nKKhnwGDVbtQ0aKbM3F4QzNCoJ)
356: ### **PAHAYAG PARA SA AWTORIDAD**
418: ## **CALL FOR JUSTICE AND PUBLIC AWARENESS**

--- official markdown first 60 lines ---
1: # BACKUP OFFICIAL AFFIDAVIT STATEMENT OF CHARLES TANAUAN CASE PRESENTATION 2025 (1)
2: 
3: Ako po si CHARLES TANAUAN, nasa hustang gulang, Filipino at Bacoor, Cavite matapos na makapanumpa nang naaayon sa saligang batas ng Pilipinas ay nagsasaad ng mga sumusunod:
4: 
5: 1. Na ako po ay nagsasalaysay upang maghain ng “Multiple Cybercrime Violations under R.A. 10175 involving Unauthorized Access, Data and System Interface, Computer-Related Fraud, Identity Theft, Cyber Harassment, and Qualified Theft; plus Violation of Human Rights due to Unauthorized Experimentation and Psychological Torture.”” laban kina CARL JUSTIN PAGASPAS, MARIO NALDA CADISAL, LAWRENCE DARIA;
6: 2. Na, Ako ay ang kasalukuyang kinakasama ni CRIS ABADINES;
7: 3. Dahil meron sila Cris internet connection o WiFi, doon ako nagsimula mag-search online kung paano kumita ng pera online tulad ng play-to-earn na mga application. At Naging gaming content creator din ako sa Mobile Legends gamit lamang ang cellphone. Meron din akong Social media channels,
8: 4. pero dahil di pa ako marunong kung paano ito kumikita ay pumasok lang muna ako sa pag buy and sell. Kung saan bumibili ako ng mga produkto sa Shopee at ibinbenta ko sa Facebook at Shopee. Nakapag-invest ako ng isang laptop at nagkaroon kami ng pwesto sa night market dito sa Tacloban.
9: 5. Dahil sa COVID-19 noong 2020, napilitan kaming magsara ng aming physical store at online store dahil sa lockdown at hirap sa pag-restock ng mga produkto.
10: 6. Kaya naisipan kong bumalik sa pagiging content creator sa Facebook at YouTube. Dahil cellphone lang at low specs na laptop ang gamit ko, nag-isip ako ng paraan kung paano ko maia-upgrade ang mga gamit ko sa paggawa ng content. Sakto naman at umuso sa panahong iyon ang barter, kaya na-trade ko ang aking lumang cellphone para sa isang computer at pina-setup ko ito sa pamangkin ni Cris na si Carl Justin Pagaspas.
11: 7. At doon na ako nag-focus bilang isang Gaming Content Creator. Dahil nakaabot sa milyon ang views ng aking mga videos sa YouTube, nagsimula na rin akong kumita. Ginamit ko ang aking revenue mula sa YouTube para makapag-invest sa mas magandang computer na nagkakahalaga ng isang daang libong piso (₱100,000) — mga gaming computers na gagamitin ko sa trabaho.
12: 8. Ang pamangkin ni Cris na si Carl Justin Pagaspas, isang IT technician, ang nag-build ng mga computers na iyon. Siya rin lagi ang kinukuha ko para sa pag-aayos ng mga PC, internet, at troubleshooting dahil siya lang ang kilala kong IT technician na kaibigan ko at pamangkin pa ni Cris.
13: 9. Dahil sa Dumami na ang aking Engagement Sa Social Media Channels, doon na rin nagsimulang pumasok ang mga promotion. Dahil napatunayan ko na may mga legit promotion, doon na ako nagsimulang mag-recommend sa mga kaibigan kong Gaming Content Creator din na tulad ko. Hanggang sa pumasok na rin ang mga casino promotion, at doon ako naging agent na siyang taga-recommend ng mga kapwa ko content creator sa mga casino owner para mag-promote ng kanilang Casino platform. Yung talent fee ko noon sa umpi
14: 10. Sa kagustuhan kong makatulong sa iba, nakita ko sa Facebook ang mga local vloggers sa Tacloban na sina Simoy at Sadam, kilala bilang “Mga Kawawang Nilalang.” Ini-invite ko sila upang matulungan na ma-improve ang kanilang content at mabigyan ng promotion, lalo na’t si Simoy ay aking kababata.
15: 11. Habang nagtatrabaho si Mario sa akin, ako ang sumasagot sa kanyang pagkain at tirahan, kasama na rin ang ₱10,000 na buwanang sahod. Si Lawrence naman ay regular na nakatatanggap ng kanyang komisyon.
16: 12. Ganoon din ang mga vlogger na sina Simoy at Sadam—lagi silang nasa akin upang maghintay ng promotion. May mga pagkakataon din na nagkakasama kami upang mag-bonding o kumain sa labas kasama ang iba pa naming mga kaibigan.
17: 13. Napagplanuhan namin na gumawa ng iisang page at YouTube channel. Naisipan namin ito dahil tuwing lumalabas kami o may outing, makakagawa kami ng content at hindi masasayang ang mga labas naming magkakaibigan.
18: 14. Dahil sa marami kami at walang mga service ang iba sa kanila, napagpasyahan kong mag-invest ng sasakyan na binili namin sa Maynila para magamit sa trabaho at paggawa ng content tuwing may lakad o outing.
19: 15. Noong Mayo 2023, pagkabalik namin ni Mario galing Maynila, nagplano kami na magpa-blessing ng sasakyan sa Sulangan, Eastern Samar, kasama sina Mario at Lawrence. Ngunit hindi sila sumama sa kung anu-anong dahilan.
20: 16. Umuwi si Mario mag-isa sa Samar. Nagduda ako, kaya agad kong chineck ang computer na ginagamit niya. Doon ko nakita ang mga aktibidad at ang pondo sa Coinbase Crypto Wallet, pati na rin ang mga invoice na may kinalaman sa trabaho—nag-ooperate na pala sila ng mga casino sa pamamagitan ng revenue share at meron na rin silang sariling mga casino platforms, applications, gamit ang perang nakuha mula sa hindi awtorisadong transaksyon sa negosyo.
21: 17. Hindi lang iyon—may sarili na rin silang mga agencies tulad ng influencer marketing service providers na konektado sa mga casino platforms.
22: 18. Mas nakakabahala, nakita ko rin ang mga transaksyon nila sa Telegram kung saan pinapalusot nila ang pera na galing sa cuts ng influencer at commissions mula sa platform. Ginagamit nila ang Telegram para itago ang kanilang mga usapan at iligal na galaw, kaya doon ko tuluyang nakumpirma na matagal na pala nila akong ginamit at pinaikot para makabuo sila ng sarili nilang negosyo sa likod ko.
23: 19. Sinabihan ko si Cris tungkol sa ginawa nila at ni-report ito sa kapatid niyang pulis. Kinompronta ko sila sa pamamagitan ng chat at pareho nilang inamin na isang beses lang nila ginawa iyon.
24: 20. Noong December 2023, wala akong alam na lahat ng aking activity mula sa cellphone, CCTV, at desktop ay naka-link na pala sa kanila.
25: 21. December 28, 2023 — umuwi si Mario sa Samar. Plinano ko sanang lagyan ng monitoring tool ang computer na ginagamit niya, pero nalaman ko na mismong desktop at mga CCTV ang naka-monitor pala sa kanya. Nilock niya ang mouse ng computer na dahilan upang hindi ko ito magamit.
26: 22. January 5, 2024 — bumalik si Mario dito sa Tacloban galing Samar pagkatapos ng aming Christmas break. Kinuha ko ang cellphone niya, at doon ko nakumpirma na naka-remote na pala ang lahat ng aking activity sa desktop, cellphone, at CCTV.
27: 23. Simula noon, pinalabas ko muna si Mario sa bootcamp kung saan naka-pwesto ang mga computer. Sa labas ng bootcamp, meron doon higaan at doon siya nakatambay — katabi lang ng mismong bootcamp.
28: 24. Agad akong nag-install ng spy camera detector at nilibot ko ang buong bootcamp pati na rin ang lugar na tinatambayan ni Mario. Pagkatapos noon, lumabas ako sandali. Pagbalik ko, naabutan ko si Mario na may tinatali sa isang plastic.
29: 25. Pumasok ako sa bootcamp at sumunod naman agad si Mario sa akin. Pagkatapos, pumunta ako sa pwesto niya para tingnan kung ano ang tinatali niya sa plastic — at doon ko nakita ang panlason para sa daga.
30: 26. Nang makuha ko iyon, ibinigay ko ito kay Cris upang ipasuri. Doon nakita sa laman ng plastic na bagong bukas na panlason sa daga ang laman.
31: 27. Dahil nalaman na nina Mario na alam ko na ang mga ginagawa nila, tinangka niya akong lasunin gamit ang panlason ng daga.
32: 28. January 8, 2024, Lunes — nagpatulong ako sa pamangkin ni Cris na si Carl Justine Pagaspas, isang Information Technologist, dahil siya ang nag-set up ng aming mga desktop at WiFi, at siya lang din ang kilala naming IT technician.
33: 29. Una niyang inayos ang aking laptop at sinabi niya na kailangan itong i-reformat. Nagtaka ako dahil pagkatapos niya itong i-reformat, hindi na niya ito ginamit. Ang dahilan daw ay hindi ito makakonekta sa computer na gamit ni Mario.
34: 30. Hiniram niya ang laptop ni Yanyan, kapatid ni Cris, at iyon na lang daw ang gagamitin niya para ma-access ang computer ni Mario. Pagkatapos, hiniram niya ang dalawang cellphone ko — isang bagong Android at isang gamit kung iOS — para raw maka-connect siya sa internet. Sabi niya, magko-clone daw siya ng mga files galing sa computer sa pamamagitan ng USB.
35: 31. Kinabukasan, dahil may trabaho si Carl Justine Pagaspas, ni-remote niya na lang ang computer ni Mario Nalda Cadisal gamit ang AnyDesk para ma-retrieve ang mga deleted files.
36: 32. Nung na-remote na niya ang computer ni Mario, nag-install siya ng isang application na nagpapalabas ng “Yes” or “No” sa screen. Doon, matagal na naka-tambay ang PC at yung mouse ay walang galaw, kaya pala — dahil meron pala siyang ginagamit na pointer mouse sa likod ng unit. Nakita ko ito nang pinindot ko ang “Yes,” at bigla siyang nag-chat sa akin na huwag ko raw galawin ang computer.
37: 33. Tinanong ko siya kung anong oras siya lalabas sa trabaho. Sabi niya, 7:00 AM daw kaya sabi ko, aantayin kita, kakain tayo. Pero bandang 4:00 AM, bigla siyang nag-chat na “teka lang” daw at lalabas muna siya papuntang Andok’s kasi inutusan daw siya ng amo niya na bumili ng pagkain.
38: 34. Pinuntahan ko agad siya sa Andok’s at nadatnan ko siyang kumakain. Kumain na rin ako kasama niya. Pagkatapos naming kumain, wala siyang dalang kahit ano, kaya bumalik na ako sa bootcamp.
39: 35. Pagkatapos noon, yung mga na-retrieve niyang files na binigay sa akin ay mula lamang sa December 29, 2023 hanggang January 2024. Yung mga files mula December 29 history pababa ay ginawa niyang RSS files na hindi ko ma-open.
40: 36. Sinabi ko sa kanya, “I-open mo muna itong RSS files para makapag-review ako ng mga na-delete na files.” Sagot niya, kailangan daw ng alternative tool para ma-open iyon.
41: 37. Pina-open ko sa kanya mismo pero hindi rin niya ito na-open. Doon na ako nagtaka dahil hindi rin niya alam kung anong eksaktong petsa umuwi si Mario sa Samar. At ang mga files na binigay niya sa akin ay limitado lang mula December 29, 2023 hanggang January 2024.
42: 38. Sinabi ko ito kay Cris na may duda ako kay Carl Justin Pagaspas dahil yung mga files na binigay sa akin na naka-save sa USB ay mula lamang sa December 29, 2023 hanggang January 2024. Yung mga files mula December 29, 2023 history pababa ng mas naunang mga aktibidad ay hindi ibinigay sa akin. Pero ang sagot ni Cris ay hindi raw iyon posible dahil pamangkin niya raw si Carl Justin Pagaspas at kakampi raw natin siya.
43: 39. Kaya kinabukasan, binigay ko sa kanya ang dalawang cellphone para tanggalin ang naka-remote access sa mga ito at para rin buksan ang WPS Office na naka-encrypt. Nabuksan niya ito at sinabi sa akin na wala raw laman.
44: 40. Sinubukan naming maghanap ni Cris ng ibang IT technician, pero dahil wala kaming mahanap, si Carl Justin Pagaspas pa rin ang pinapunta ko. Subalit dahil meron siyang duty sa trabaho niya, hindi raw siya makakapunta at sinabi na sa Sabado at Linggo na lang dahil wala siyang pasok sa mga araw na iyon.
45: 41. Pinuntahan ko siya noong Sabado, January 13, 2024, sa kanilang bahay, pagkatapos ng ilang araw, para magpatulong na magpa-retrieve muli ng mga deleted na files sa computer na ginamit ni Mario Nalda Cadisal at mai-save ito sa USB gamit ang sarili niyang computer.
46: 42. Pero napansin ko na parang may delaying tactics siyang ginagawa para hindi matuloy ang pag-retrieve ng mga naburang files. Sinabi ko sa kanya na tutulong ako kung ano man ang kailangan para mapabilis, kaya hiniram niya ang laptop ng kapatid niya.
47: 43. Dahil matagal na nagbubukas ang laptop na hiniram niya sa kapatid niya sa mga oras na iyon, napagdesisyunan ko na kunin ko na lang ang sarili kong laptop.
48: 44. Pagkabalik ko sa kanila, gumagana na ang laptop ng kapatid niya kaya hindi ko na itinuloy ang pagbukas ng sarili kong laptop. Yung laptop ng kapatid niya na ang ginamit ko, pero connected na pala ito sa personal computer niya.
49: 45. Matatapos na sana ang pag-transfer ng mga files na na-retrieve papunta sa USB, pero pinacancel niya ito dahil madaling araw na raw. Kaya iniwan ko na lang ang USB sa kanya para siya na lang ang magtapos ng pag-retrieve ng files.
50: 46. Ngunit hindi pa rin niya ito tinapos, ang dahilan daw ay may inaayos siyang computer nila. Kaya hiningi ko na lang muli ang USB at Tiningnan ko ito sa isang computer shop.
51: 47. Doon ko na nakita na wala nang laman ang ibang files sa USB at corrupted na ito.
52: 48. Nang hiniram naman ang laptop ng isa pang pamangkin ni Cris na babae na si Desiree, doon na namin nalaman na hindi na rin ito mabuksan. Kaya ipinaayos namin ito sa isang technician na kakilala ni Cris.
53: 49. Doon na kami nagsimulang magkaroon ng malalim na duda na may alam si Carl Justine Pagaspas sa pagha-hack ng aking mga files. Imbes na maayos ang problema, mas lalo pang lumala ang pagkawala ng mga files pati ang pagkasira ng aking computer at gadgets.
54: 50. Pagbalik ko sa Tacloban, natuklasan ko na sina Mario Nalda Cadisal at Lawrence Daria ay naging mga insider sa loob ng aking sistema at negosyo. Samantala, si Carl Justin Pagaspas ay isa palang cybersecurity personnel sa Region 8 na nasuhulan upang burahin ang mga posibleng ebidensya, habang may mga grupo ng mga IT hacker na kasabwat nila sa likod ng mga pag-atake at manipulasyon sa aking mga account, data, at digital identity.
55: 51. Ginamit nila ang aking pagkakakilanlan nang walang pahintulot. Sila rin ang nag-remote at nag-lock sa aking mga personal account at digital identity gamit ang mga crypto fundraising digital wallets, bank accounts, at iba pang credentials accounts na nakapangalan sa akin. Kinontrol nila ang aking mga pondo at sensitibong impormasyon, at ni-remote ito pabalik sa akin gamit ang sarili kong pangalan at identity upang palabasing ako mismo ang may kontrol.
56: 52. Hindi na ako nakabalik sa RACU Region 8. Dahil Binabytime ako — sinadyang abalahin sa trabaho at mino-monitor ang kilos ko upang harangin ang pagsampa ko ng kaso sa RACU Region 8.
57: 53. Dahil dito, agad akong nakipag-ugnayan sa NBI, subalit nabigo silang magsagawa ng imbestigasyon. Nagpunta rin ako sa DICT upang humingi ng tulong, ngunit hanggang sa ngayon ay wala pa rin akong natatanggap na tugon o solusyon.
58: 54. Nadiskubre ko na may grupong pang tinatawag na “IT Shadow” o “Business Mirror” na lihim na kumikilos sa likod ng mga insidente sa Tacloban City.
59: 55. Binacktrack nila ang buong online at personal history ko. Hinanapan nila ako ng mga bagay na maaari nilang gamitin laban sa akin upang sirain ang aking reputasyon at kredibilidad. Nilagyan rin nila ako ng microchip — at mula noon, hinack nila ang aking utak gamit ang teknolohiyang may kakayahang bumasa ng iniisip. Ginawa ito sa pamamagitan ng panlilinlang, sa tulong ng isa sa mga kaibigan kong maaaring minanipula o sinuhulan upang makainom ako ng isang substance habang kami ay nag-iinuman.
60: 56. Pagkaraan noon, napansin kong ako ay patuloy na minamanmanan. May nakakabasa sa isip ko at sumusunod sa bawat iniisip at nararamdaman ko. Ramdam kong ginagamit nila ang surveillance brain reader chip technology upang kontrolin at manipulahin ang aking mental na estado. Naririnig nila ang mga naririnig ko, at nababasa nila ang iniisip ko — sa real time.
