Extracted 385 paragraphs and 22 hyperlinks
Output: /home/ubuntu/evidence-website/source-extract/affidavit_evidence_landing.txt
Links: /home/ubuntu/evidence-website/source-extract/affidavit_evidence_landing.links.txt
--- matches in affidavit_evidence_landing.txt ---
5: Introduction Affidavit Header Background (§ 1–9) §1–3 Identity & Background §4–6 Online Ventures §7–9 Gaming Career & Team Operations (§ 10–19) §10–12 Vlogger Partners §13–15 Content Vehicle & Discovery §16–19 Confrontation & Admission Cybercrime (§ 20–37) §20–22 Device Surveillance §23–27 Rat Poison Attempt §28–37 IT Sabotage – Carl J. Pagaspas Investigation (§ 38–54) §38–49 USB/Files Evidence Tampering §50–53 Insider Identities §54–62 IT Shadow / Business Mirror Threats & Harm (§ 63–81) §63–72
9: Official Affidavit of Evidence
25: 📋 Evidence Exhibit — Affidavit Cover
39: + Add Evidence Image for this Section
41: § 3–5 Identity & Background — Social Media Channels · Online Stores PHOTO EVIDENCE ▼
47: pero dahil di pa ako marunong kung paano ito kumikita ay pumasok lang muna ako sa pag buy and sell. Kung saan bumibili ako ng mga produkto sa Shopee at ibinbenta ko sa Facebook at Shopee. Nakapag-invest ako ng isang laptop at nagkaroon kami ng pwesto sa night market dito sa Tacloban.
51: 📸 Evidence Gallery — SOCIAL MEDIA CHANNELS · ONLINE STORES
61: Shopee / Facebook Store
77: + Add Evidence Image
79: § 6–8 Gaming Career — First Computer · Channel Revenue · Computer Building PHOTO EVIDENCE ▼
83: Kaya naisipan kong bumalik sa pagiging content creator sa Facebook at YouTube. Dahil cellphone lang at low specs na laptop ang gamit ko, nag-isip ako ng paraan kung paano ko maia-upgrade ang mga gamit ko sa paggawa ng content. Sakto naman at umuso sa panahong iyon ang barter, kaya na-trade ko ang aking lumang cellphone para sa isang computer at pina-setup ko ito sa pamangkin ni Cris na si Carl Justin Pagaspas.
85: At doon na ako nag-focus bilang isang Gaming Content Creator. Dahil nakaabot sa milyon ang views ng aking mga videos sa YouTube, nagsimula na rin akong kumita. Ginamit ko ang aking revenue mula sa YouTube para makapag-invest sa mas magandang computer na nagkakahalaga ng isang daang libong piso (₱100,000) — mga gaming computers na gagamitin ko sa trabaho.
89: 📸 Evidence Gallery — FIRST COMPUTER · CHANNELS REVENUE · COMPUTER BUILDING
99: YouTube Revenue Screenshot
115: + Add Evidence Image
117: § 9–11 Casino Promotions & Team Formation — Casino Promotion · Mario Tutorial · Lawrence Tutorial PHOTO EVIDENCE ▼
123: Sa kagustuhan kong makatulong sa iba, nakita ko sa Facebook ang mga local vloggers sa Tacloban na sina Simoy at Sadam, kilala bilang "Mga Kawawang Nilalang." Ini-invite ko sila upang matulungan na ma-improve ang kanilang content at mabigyan ng promotion, lalo na't si Simoy ay aking kababata.
127: 📸 Evidence Gallery — CASINO PROMOTION · PREVIOUS CASINO · MARIO & LAWRENCE TUTORIAL
153: + Add Evidence Image
155: § 12–15 Vlogger Partners & Content Vehicle — Mga Kawawang Nilalang · Tacloban Vines PHOTO EVIDENCE ▼
161: Napagplanuhan namin na gumawa ng iisang page at YouTube channel. Naisipan namin ito dahil tuwing lumalabas kami o may outing, makakagawa kami ng content at hindi masasayang ang mga labas naming magkakaibigan.
167: 📸 Evidence Gallery — MGA KAWAWANG NILALANG · TACLOBAN VINES · PAG PUNTA SA MANILA
193: + Add Evidence Image
195: § 16–19 Discovery of Fraud & Admission — Transaction History · Proof ng Pag-Amin ⚠ KEY EVIDENCE ▼
207: 📸 Evidence Gallery — TRANSACTION & HISTORY · PROOF OF TRANSACTION · PROOF NG PAG AMIN
241: Revenue Share Evidence
245: + Add Evidence Image
257: 📸 Evidence Gallery — DEVICE LINKED · Remote Access Confirmation
273: Cellphone Remote Evidence
283: + Add Evidence Image
299: 📸 Evidence Gallery — Rat Poison · Bootcamp · Spy Camera Detector
321: Plastic Bag Evidence
325: + Add Evidence Image
351: 📸 Evidence Gallery — DELETED FILES · AnyDesk Remote · USB Tampering
373: Deleted Files Evidence
389: + Add Evidence Image
391: § 38–49 Continued Evidence Tampering — Laptop Corruption · Desiree's Device · Deep Suspicion PHOTO EVIDENCE ▼
419: 📸 Evidence Gallery — Corruption · Laptop Damage · Device Failures
439: + Add Evidence Image
453: 📸 Evidence Gallery — Identity Theft · Crypto Accounts · NBI / DICT Visits
479: + Add Evidence Image
503: 📸 Evidence Gallery — IT Shadow Group · Psychological Manipulation
507: IT Shadow Group Evidence
519: Public Humiliation Evidence
523: + Add Evidence Image
549: 📸 Evidence Gallery — Motel Threats · YubiKey · Hillside Ville
559: YubiKey Physical Evidence
575: + Add Evidence Image
611: 📸 Evidence Gallery — Manila Escape · Health Damage · Sold Assets
645: Sleep Medicine (Evidence of Torture)
649: + Add Evidence Image
667: 📸 Evidence Gallery — RACU · NBI · PNP · DICT Complaints
699: + Add Evidence Image
701: VID Video Evidence Gallery — YouTube Call for Justice ▶ 9 VIDEOS ▼
711: ▶ VIDEO EVIDENCE — Click thumbnail to play inline
713: 📁 Case Storage — Google Drive Evidence Repository DRIVE ▼
723: https://drive.google.com/drive/folders/1Fi5y-6nKKhnwGDVbtQ0aKbM3F4QzNCoJ
737: Facebook: Charles Tanauan
743: 📸 Signature Evidence
763: + Add Signature Evidence
769: ▼ Expand All Sections ▲ Collapse All ▶ Go to Videos 📁 Go to Drive 🖨 Print / Export PDF
--- matches in affidavit_evidence_landing.links.txt ---
11: §38–49 USB/Files Evidence Tampering	None
17: Video Evidence Gallery	None
20: 📁	https://drive.google.com/drive/folders/1Fi5y-6nKKhnwGDVbtQ0aKbM3F4QzNCoJ
21: CASE STORAGE — Google Drive	https://drive.google.com/drive/folders/1Fi5y-6nKKhnwGDVbtQ0aKbM3F4QzNCoJ
22: https://drive.google.com/drive/folders/1Fi5y-6nKKhnwGDVbtQ0aKbM3F4QzNCoJ	https://drive.google.com/drive/folders/1Fi5y-6nKKhnwGDVbtQ0aKbM3F4QzNCoJ
Missing /home/ubuntu/evidence-website/source-extract/official-layout.txt
Missing /home/ubuntu/evidence-website/source-extract/unofficial-layout.txt
PDF layout extraction complete.
--- matches in official-layout.txt ---
23:               at ibinbenta ko sa Facebook at Shopee. Nakapag-invest ako ng isang laptop at
33:            6. Kaya naisipan kong bumalik sa pagiging content creator sa Facebook at
34:               YouTube. Dahil cellphone lang at low specs na laptop ang gamit ko, nag-isip
40:               nakaabot sa milyon ang views ng aking mga videos sa YouTube, nagsimula na
41:               rin akong kumita. Ginamit ko ang aking revenue mula sa YouTube para
58:           10. Sa kagustuhan kong makatulong sa iba, nakita ko sa Facebook ang mga local
75:           13. Napagplanuhan namin na gumawa ng iisang page at YouTube channel.
426:           Facebook: Charles Tanauan
--- matches in unofficial-layout.txt ---
1:            BACKUP OFFICIAL EVIDENCE &
21:            ibinbenta ko sa Facebook at Shopee. Nakapag-invest ako ng isang laptop at
30:            Kaya naisipan kong bumalik sa pagiging content creator sa Facebook at YouTube.
34: BACKUP OFFICIAL EVIDENCE & AFFIDAVIT 2026 (1)                                                  1
46:            milyon ang views ng aking mga videos sa YouTube, nagsimula na rin akong
47:            kumita. Ginamit ko ang aking revenue mula sa YouTube para makapag-invest sa
74: BACKUP OFFICIAL EVIDENCE & AFFIDAVIT 2026 (1)                                                  2
92:            paggamit nito, kahit sa simpleng pag-Facebook gamit ang computer.
111: BACKUP OFFICIAL EVIDENCE & AFFIDAVIT 2026 (1)                                                   3
143:            Sa kagustuhan kong makatulong sa iba, nakita ko sa Facebook ang mga local
151: BACKUP OFFICIAL EVIDENCE & AFFIDAVIT 2026 (1)                                                  4
164:            Napagplanuhan namin na gumawa ng iisang page at YouTube channel. Naisipan
189: BACKUP OFFICIAL EVIDENCE & AFFIDAVIT 2026 (1)                                                5
224: BACKUP OFFICIAL EVIDENCE & AFFIDAVIT 2026 (1)                                                      6
262: BACKUP OFFICIAL EVIDENCE & AFFIDAVIT 2026 (1)                                                7
299: BACKUP OFFICIAL EVIDENCE & AFFIDAVIT 2026 (1)                                                  8
336: BACKUP OFFICIAL EVIDENCE & AFFIDAVIT 2026 (1)                                                   9
372: BACKUP OFFICIAL EVIDENCE & AFFIDAVIT 2026 (1)                                                   10
408: BACKUP OFFICIAL EVIDENCE & AFFIDAVIT 2026 (1)                                                 11
446: BACKUP OFFICIAL EVIDENCE & AFFIDAVIT 2026 (1)                                                   12
481: BACKUP OFFICIAL EVIDENCE & AFFIDAVIT 2026 (1)                                                 13
518: BACKUP OFFICIAL EVIDENCE & AFFIDAVIT 2026 (1)                                                   14
554: BACKUP OFFICIAL EVIDENCE & AFFIDAVIT 2026 (1)                                                    15
591: BACKUP OFFICIAL EVIDENCE & AFFIDAVIT 2026 (1)                                                  16
628: BACKUP OFFICIAL EVIDENCE & AFFIDAVIT 2026 (1)                                                    17
666: BACKUP OFFICIAL EVIDENCE & AFFIDAVIT 2026 (1)                                                   18
703: BACKUP OFFICIAL EVIDENCE & AFFIDAVIT 2026 (1)                                                    19
741: BACKUP OFFICIAL EVIDENCE & AFFIDAVIT 2026 (1)                                                    20
754:            https://drive.google.com/drive/folders/1Fi5y-6nKKhnwGDVbtQ0aKbM3F4QzNCoJ
777: BACKUP OFFICIAL EVIDENCE & AFFIDAVIT 2026 (1)                                                    21
811: BACKUP OFFICIAL EVIDENCE & AFFIDAVIT 2026 (1)                                                    22
846: BACKUP OFFICIAL EVIDENCE & AFFIDAVIT 2026 (1)                                                   23
873:                https://youtu.be/L0q0je4gJHM?feature=shared
878:                https://youtu.be/p42RaLTwRDs?feature=shared
883: BACKUP OFFICIAL EVIDENCE & AFFIDAVIT 2026 (1)                                                  24
885:                https://youtu.be/Ya2hhWPtlr4?feature=shared
890:                https://youtu.be/jeQij7T9Xo8?feature=shared
895:                https://youtu.be/rAu7u4u9eXs?feature=shared
900:                https://youtu.be/jWjuNViS93o?feature=shared
905:                https://youtu.be/oD2uuXxt9DQ?feature=shared
910:                https://youtu.be/1aQsyIbvawA?feature=shared
915: BACKUP OFFICIAL EVIDENCE & AFFIDAVIT 2026 (1)                25
917:                https://youtu.be/7pLaNUJD0Tk?feature=shared
922: BACKUP OFFICIAL EVIDENCE & AFFIDAVIT 2026 (1)                26
Fingerprints written.
Page counts written: {'official_page_count': 12, 'unofficial_page_count': 26}
